balanced_288_run_attempt_history
generated_from: slurm accounting + archived sweep logs

[balanced_flatearth_peaks_broad_integrated_288]
attempt_1:
  job_id: 12119904
  slurm_name: flat_broad288
  state: FAILED
  elapsed: 00:00:52
  start: 2026-04-14T18:09:52
  end: 2026-04-14T18:10:44
  sweep_log: /quobyte/ikorfgrp/home/kjhsu/results/chipseq_pipeline_v2/archived_results/sweep_logs/balanced_flatearth_peaks_broad_integrated_288_20260414_180952.log
  archived_results: none
attempt_2:
  job_id: 12120188
  slurm_name: flat_broad288
  state: COMPLETED
  elapsed: 01:14:49
  start: 2026-04-14T18:23:24
  end: 2026-04-14T19:38:13
  sweep_log: /quobyte/ikorfgrp/home/kjhsu/results/chipseq_pipeline_v2/archived_results/sweep_logs/balanced_flatearth_peaks_broad_integrated_288_20260414_182324.log
  archived_results: /quobyte/ikorfgrp/home/kjhsu/results/chipseq_pipeline_v2/archived_results/balanced_flatearth_peaks_broad_integrated_288_20260414_182324
attempt_3:
  job_id: 12125939
  slurm_name: flat_broad288
  state: COMPLETED
  elapsed: 01:27:12
  start: 2026-04-14T22:04:50
  end: 2026-04-14T23:32:02
  sweep_log: /quobyte/ikorfgrp/home/kjhsu/results/chipseq_pipeline_v2/archived_results/sweep_logs/balanced_flatearth_peaks_broad_integrated_288_20260414_220450.log
  archived_results: /quobyte/ikorfgrp/home/kjhsu/results/chipseq_pipeline_v2/archived_results/balanced_flatearth_peaks_broad_integrated_288_20260414_220450
  note: this is the successful run used for the six-config sequential series

[balanced_flatearth_plateaus_broad_integrated_288]
attempt_1:
  job_id: 12125940
  slurm_name: flat_plateau288
  state: COMPLETED
  elapsed: 01:23:52
  start: 2026-04-14T23:32:05
  end: 2026-04-15T00:55:57
  sweep_log: /quobyte/ikorfgrp/home/kjhsu/results/chipseq_pipeline_v2/archived_results/sweep_logs/balanced_flatearth_plateaus_broad_integrated_288_20260414_233205.log
  archived_results: /quobyte/ikorfgrp/home/kjhsu/results/chipseq_pipeline_v2/archived_results/balanced_flatearth_plateaus_broad_integrated_288_20260414_233205

[balanced_realistic_plateaus_wavy_broad_integrated_288]
attempt_1:
  job_id: 12125941
  slurm_name: real_wavy_plateau288
  state: COMPLETED
  elapsed: 01:04:57
  start: 2026-04-15T00:56:00
  end: 2026-04-15T02:00:57
  sweep_log: /quobyte/ikorfgrp/home/kjhsu/results/chipseq_pipeline_v2/archived_results/sweep_logs/balanced_realistic_plateaus_wavy_broad_integrated_288_20260415_005600.log
  archived_results: /quobyte/ikorfgrp/home/kjhsu/results/chipseq_pipeline_v2/archived_results/balanced_realistic_plateaus_wavy_broad_integrated_288_20260415_005600

[balanced_realistic_peaks_wavy_narrow_integrated_288]
attempt_1:
  job_id: 12125942
  slurm_name: real_wavy_peak288
  state: COMPLETED
  elapsed: 01:08:33
  start: 2026-04-15T02:00:59
  end: 2026-04-15T03:09:32
  sweep_log: /quobyte/ikorfgrp/home/kjhsu/results/chipseq_pipeline_v2/archived_results/sweep_logs/balanced_realistic_peaks_wavy_narrow_integrated_288_20260415_020059.log
  archived_results: /quobyte/ikorfgrp/home/kjhsu/results/chipseq_pipeline_v2/archived_results/balanced_realistic_peaks_wavy_narrow_integrated_288_20260415_020059

[balanced_realistic_plateaus_hilly_broad_integrated_288]
attempt_1:
  job_id: 12125943
  slurm_name: real_hilly_plateau288
  state: FAILED
  elapsed: 00:03:54
  start: 2026-04-15T03:09:32
  end: 2026-04-15T03:13:26
  sweep_log: /quobyte/ikorfgrp/home/kjhsu/results/chipseq_pipeline_v2/archived_results/sweep_logs/balanced_realistic_plateaus_hilly_broad_integrated_288_20260415_030933.log
  archived_results: none
  note: failed during python bytecode cache import issue
attempt_2:
  job_id: 12223879
  slurm_name: real_hilly_plateau288
  state: CANCELLED
  elapsed: 09:28:32
  start: 2026-04-15T12:27:04
  end: 2026-04-15T21:55:36
  sweep_log: /quobyte/ikorfgrp/home/kjhsu/results/chipseq_pipeline_v2/archived_results/sweep_logs/balanced_realistic_plateaus_hilly_broad_integrated_288_20260415_122704.log
  archived_results: none
  note: manual stop before 25-core rerun because remaining walltime looked insufficient
attempt_3:
  job_id: 12268479
  slurm_name: real_hilly_plateau288_25c
  state: COMPLETED
  elapsed: 01:46:34
  start: 2026-04-15T22:08:54
  end: 2026-04-15T23:55:28
  sweep_log: /quobyte/ikorfgrp/home/kjhsu/results/chipseq_pipeline_v2/archived_results/sweep_logs/balanced_realistic_plateaus_hilly_broad_integrated_288_25cpu_20260415_220854.log
  archived_results: /quobyte/ikorfgrp/home/kjhsu/results/chipseq_pipeline_v2/archived_results/balanced_realistic_plateaus_hilly_broad_integrated_288_20260415_220854
  note: successful 25-core rerun

[balanced_realistic_peaks_hilly_narrow_integrated_288]
attempt_1:
  job_id: 12268481
  slurm_name: real_hilly_peak288_25c
  state: COMPLETED
  elapsed: 01:40:49
  start: 2026-04-15T23:55:29
  end: 2026-04-16T01:36:18
  sweep_log: /quobyte/ikorfgrp/home/kjhsu/results/chipseq_pipeline_v2/archived_results/sweep_logs/balanced_realistic_peaks_hilly_narrow_integrated_288_25cpu_20260415_235529.log
  archived_results: /quobyte/ikorfgrp/home/kjhsu/results/chipseq_pipeline_v2/archived_results/balanced_realistic_peaks_hilly_narrow_integrated_288_20260415_235529
  note: executed after 12268479 via afterok dependency

[tfclean_288_retry_notes_2026-05-04]
context:
  configs: balanced_tfclean_*_288
  config_change: tf_exp=1.0; narrow peak tf_sigma increased to 5; broad plateau tf_sigma increased to 20; pmf.csv disabled
  workflow_change: retain BAMs, drop nonessential simulation/alignment/peakcalling intermediates where possible
  successful_baseline_for_comparison: six original balanced_*_288 configs completed mostly in about 1h05m to 1h47m per config using the older direct/archive pattern

attempts:
  - job_id: 13741522
    script_pattern: 20cpu ikorfgrp/high chain with post-run archive copy
    state: TIMEOUT
    result: Snakemake reached 100 percent, then walltime was lost in the final cp -a archive step
    lesson: avoid running into a large post-Snakemake copy/move phase; write final destination directly or make archive step tiny
  - job_id: 13750549
    script_pattern: 128cpu publicgrp/low direct-to-Quobyte early run
    state: cancelled/stopped during troubleshooting
    result: output was observable in Quobyte, but progress was slower than expected
    lesson: direct Quobyte output is inspectable and avoids final copy risk, but high core count does not guarantee speed
  - job_ids: 13751295,13751296,13751297
    script_pattern: scratch/move benchmark variants
    state: cancelled
    result: no convincing speedup; still exposed to final movement/archive overhead
    lesson: scratch is not automatically faster for this workflow because many small files still need metadata-heavy sync or move handling
  - job_ids: 13754333-13754338
    script_pattern: old successful series structure with adjusted tfclean configs and 25 cores
    state: cancelled
    result: first config exceeded the old successful runtime window
    lesson: matching old Slurm structure alone did not recover the old throughput
  - job_id: 13757782
    script_pattern: ikorfgrp/high 25cpu scratch single-job
    state: cancelled
    result: exceeded old runtime window without useful visible completion signal
    lesson: scratch single-job was harder to observe and did not solve the slowdown
  - job_ids: 13762505,13762506
    script_pattern: old-vs-new scratch comparison
    state: stale/failed
    result: ran roughly 10h without producing expected summaries
    lesson: do not repeat this benchmark form; it was too expensive for the information gained
  - job_id: 13765934
    script_pattern: publicgrp/high performance-change sweep
    state: cancelled before useful work
    result: did not start immediately
    lesson: publicgrp/high was not a practical immediate-start option
  - job_id: 13765943
    script_pattern: publicgrp/low scratch performance-change sweep, 128 cores
    state: cancelled after about 15h
    result: wrapper log stayed at first config and active Snakemake log stayed 0 bytes
    lesson: scratch wrapper had poor progress visibility and appeared stalled; do not reuse as-is
  - job_id: 13783929
    script: slurm/balanced_tfclean_288_publicgrp_low_128cpu_direct_minimal.sbatch
    state_at_note_time: RUNNING at 00:41:19
    observed_progress_at_note_time: first config had 641/864 peak BED outputs, no RUN_COMPLETE yet
    result: active direct-to-Quobyte run is moving and visible
    lesson: current best minimal pattern is direct-to-Quobyte, simple Snakemake invocation, one config at a time inside one Slurm allocation, no final bulk copy
  - job_id: 13802082
    script: slurm/balanced_tfclean_288_publicgrp_low_128cpu_direct_minimal.sbatch
    state: FAILED
    result: corrected seed-expansion run completed four configs, then failed on balanced_tfclean_realistic_peaks_hilly_narrow_integrated_288 with OutOfMemory
    completed_configs:
      - balanced_tfclean_flatearth_peaks_broad_integrated_288_20260505_005251
      - balanced_tfclean_flatearth_plateaus_broad_integrated_288_20260505_005251
      - balanced_tfclean_realistic_peaks_wavy_narrow_integrated_288_20260505_005251
      - balanced_tfclean_realistic_plateaus_wavy_broad_integrated_288_20260505_005251
    failed_config: balanced_tfclean_realistic_peaks_hilly_narrow_integrated_288_20260505_005251
    lesson: seed expansion bug was fixed, but 128 CPUs with 15G RAM was too little for the hilly configs
  - job_id: 13803354
    script: slurm/balanced_tfclean_hilly_remaining_publicgrp_low_128cpu_128g_direct.sbatch
    state: COMPLETED
    elapsed: 01:26:49
    result: reran the two remaining hilly configs successfully with 128 CPUs and 100G RAM
    completed_configs:
      - balanced_tfclean_realistic_peaks_hilly_narrow_integrated_288_20260505_021306
      - balanced_tfclean_realistic_plateaus_hilly_broad_integrated_288_20260505_021306
    max_mem_used: 19.68G
    lesson: the remaining hilly configs still benefit from wide CPU allocation, but they need substantially more than 15G RAM; 100G completed cleanly with plenty of headroom
  - final_status_2026-05-05:
      seed_expansion_fix: missing tf_seed/map_seed now inherit the row seed instead of creating independent sweep axes
      final_completed_config_archives:
        - balanced_tfclean_flatearth_peaks_broad_integrated_288_20260505_005251
        - balanced_tfclean_flatearth_plateaus_broad_integrated_288_20260505_005251
        - balanced_tfclean_realistic_peaks_wavy_narrow_integrated_288_20260505_005251
        - balanced_tfclean_realistic_plateaus_wavy_broad_integrated_288_20260505_005251
        - balanced_tfclean_realistic_peaks_hilly_narrow_integrated_288_20260505_021306
        - balanced_tfclean_realistic_plateaus_hilly_broad_integrated_288_20260505_021306
